// Jest Snapshot v1, https://goo.gl/fbAQLP

exports[`работа Main 1`] = `
<div
  className="MainComponent"
>
  <div
    className="Computer"
  >
    <div
      className="Head"
    >
      <div
        className="sideRight"
      >
        <a
          aria-current={null}
          className="PageLink"
          href="/account"
          onClick={[Function]}
          style={undefined}
        >
          <img
            className="Icons"
            src="https://firebasestorage.googleapis.com/v0/b/finalproject-d5d17.appspot.com/o/fonts%2Fuser-shape.png?alt=media&token=8f6275a5-6fda-46bc-b881-5602ac16e9e5"
          />
        </a>
        <a
          aria-current={null}
          className="PageLink"
          href="/order"
          onClick={[Function]}
          style={undefined}
        >
          <img
            className="Icons"
            src="https://firebasestorage.googleapis.com/v0/b/finalproject-d5d17.appspot.com/o/fonts%2Fshopping-cart-black-shape%20(3).png?alt=media&token=a7812a2b-bfc0-40fd-ac35-319abbf0d3ab"
          />
          <span
            className={null}
          />
        </a>
      </div>
      <a
        aria-current={null}
        className="PageLink"
        href="/"
        onClick={[Function]}
        style={undefined}
      >
        <div
          className="Namecent"
        >
          <h2
            className="name"
          >
            <span
              className="l"
            >
              Eau de
            </span>
            <span
              className="r"
            >
              Parfume
            </span>
          </h2>
        </div>
      </a>
    </div>
    <nav>
      <ul
        className="MainMenu"
      >
        <li>
          <a
            aria-current={null}
            className="PageLink"
            href="/"
            onClick={[Function]}
            style={undefined}
          >
            <span
              className="roll"
            >
              <span
                className="seen"
              >
                Главная
              </span>
              <span
                className="hover"
              >
                Главная
              </span>
            </span>
          </a>
        </li>
        <li>
          <a
            aaa="bbb"
            aria-current={null}
            className="PageLink"
            href="/catalog/5/1"
            onClick={[Function]}
            style={undefined}
          >
            <span
              className="roll"
            >
              <span
                className="seen"
              >
                Каталог
              </span>
              <span
                className="hover"
              >
                Каталог
              </span>
            </span>
          </a>
        </li>
        <li>
          <a
            aria-current={null}
            className="PageLink"
            href="/brands"
            onClick={[Function]}
            style={undefined}
          >
            <span
              className="roll"
            >
              <span
                className="seen"
              >
                Бренды
              </span>
              <span
                className="hover"
              >
                Бренды
              </span>
            </span>
          </a>
        </li>
        <li>
          <a
            aria-current={null}
            className="PageLink"
            href="/news"
            onClick={[Function]}
            style={undefined}
          >
            <span
              className="roll"
            >
              <span
                className="seen"
              >
                Новости
              </span>
              <span
                className="hover"
              >
                Новости
              </span>
            </span>
          </a>
        </li>
        <li>
          <a
            aria-current={null}
            className="PageLink"
            href="/about"
            onClick={[Function]}
            style={undefined}
          >
            <span
              className="roll"
            >
              <span
                className="seen"
              >
                О нас
              </span>
              <span
                className="hover"
              >
                О нас
              </span>
            </span>
          </a>
        </li>
      </ul>
    </nav>
  </div>
  <div
    className="Adaptive"
  >
    <nav>
      <a
        aria-current={null}
        className="PageLink"
        href="/order"
        onClick={[Function]}
        style={undefined}
      >
        <img
          className="IconsBurg"
          src="https://firebasestorage.googleapis.com/v0/b/finalproject-d5d17.appspot.com/o/fonts%2Fshopping-cart-black-shape%20(4).png?alt=media&token=139ed906-d1e3-4dda-978a-a8dd41705941"
        />
        <span
          className={null}
        />
      </a>
      <div
        className="burg"
        onClick={[Function]}
      >
        <img
          src="https://firebasestorage.googleapis.com/v0/b/finalproject-d5d17.appspot.com/o/fonts%2Fmenu.png?alt=media&token=0674a144-2ccb-4128-9b00-fcf31006657c"
        />
      </div>
      <ul
        className="AdaptMenu close"
      >
        <li>
          <a
            aria-current={null}
            className="PageLink"
            href="/"
            onClick={[Function]}
            style={undefined}
          >
            Главная
          </a>
        </li>
        <li>
          <a
            aria-current={null}
            className="PageLink"
            href="/catalog/10/1"
            onClick={[Function]}
            style={undefined}
          >
            Каталог
          </a>
        </li>
        <li>
          <a
            aria-current={null}
            className="PageLink"
            href="/brands"
            onClick={[Function]}
            style={undefined}
          >
            Бренды
          </a>
        </li>
        <li>
          <a
            aria-current={null}
            className="PageLink"
            href="/news"
            onClick={[Function]}
            style={undefined}
          >
            Новости
          </a>
        </li>
        <li>
          <a
            aria-current={null}
            className="PageLink"
            href="/about"
            onClick={[Function]}
            style={undefined}
          >
            О нас
          </a>
        </li>
        <li>
          <a
            aria-current={null}
            className="PageLink"
            href="/account"
            onClick={[Function]}
            style={undefined}
          >
            Личный кабинет
          </a>
        </li>
      </ul>
    </nav>
  </div>
  <div
    className="Search"
  >
    <a
      aria-current={null}
      className="PageLink"
      href="/catalog/10/1/s"
      onClick={[Function]}
      style={undefined}
    >
      <img
        className="SearchIcon"
        onClick={[Function]}
        src="https://firebasestorage.googleapis.com/v0/b/finalproject-d5d17.appspot.com/o/fonts%2Fmagnifying-glass.png?alt=media&token=a847c8db-325c-48b9-b4c2-f0b1d348ff0a"
      />
    </a>
    <input
      onChange={[Function]}
      placeholder="Поиск"
      type="text"
    />
  </div>
  <div
    className="PagesRouter"
  />
  <footer>
    <div
      className="ComputerFooter"
    >
      <div
        className="logoFooter"
      >
        <a
          aria-current={null}
          className="PageLink"
          href="/"
          onClick={[Function]}
          style={undefined}
        >
          <img
            alt="#"
            src="https://firebasestorage.googleapis.com/v0/b/finalproject-d5d17.appspot.com/o/footer.png?alt=media&token=461bc5ae-c096-4ac1-83c7-7a962079c41e"
          />
        </a>
      </div>
      <ul
        className="FooterMenu"
      >
        <li>
          <a
            aria-current={null}
            className="PageLink"
            href="/"
            onClick={[Function]}
            style={undefined}
          >
            Главная
          </a>
        </li>
        <li>
          <a
            aria-current={null}
            className="PageLink"
            href="/catalog/10/1"
            onClick={[Function]}
            style={undefined}
          >
            Каталог
          </a>
        </li>
        <li>
          <a
            aria-current={null}
            className="PageLink"
            href="/brands"
            onClick={[Function]}
            style={undefined}
          >
            Бренды
          </a>
        </li>
        <li>
          <a
            aria-current={null}
            className="PageLink"
            href="/news"
            onClick={[Function]}
            style={undefined}
          >
            Новости
          </a>
        </li>
        <li>
          <a
            aria-current={null}
            className="PageLink"
            href="/about"
            onClick={[Function]}
            style={undefined}
          >
            О нас
          </a>
        </li>
      </ul>
      <div
        className="thirdColomn"
      >
        <p>
          СЛЕДИТЕ ЗА НАМИ
        </p>
        <a
          href="#"
        >
          <img
            alt="vk"
            src="https://firebasestorage.googleapis.com/v0/b/finalproject-d5d17.appspot.com/o/fonts%2Fvk-social-network-logo.png?alt=media&token=a689c1c1-37ee-4add-9789-597c6a6b12bb"
          />
        </a>
        <a
          href="#"
        >
          <img
            alt="inst"
            src="https://firebasestorage.googleapis.com/v0/b/finalproject-d5d17.appspot.com/o/fonts%2Finstagram-social-network-logo-of-photo-camera.png?alt=media&token=920e206c-c6da-4e39-8e30-5ea4126ae0d5"
          />
        </a>
        <a
          href="#"
        >
          <img
            alt="tel"
            src="https://firebasestorage.googleapis.com/v0/b/finalproject-d5d17.appspot.com/o/fonts%2Ftelegram.png?alt=media&token=dd5a9b05-85ba-435e-a9da-73254e551450"
          />
        </a>
      </div>
    </div>
    <div
      className="AdaptiveFooter"
    >
      <span>
        СЛЕДИТЕ ЗА НАМИ
      </span>
      <a
        href="#"
      >
        <img
          alt="vk"
          src="https://firebasestorage.googleapis.com/v0/b/finalproject-d5d17.appspot.com/o/fonts%2Fvk-social-network-logo.png?alt=media&token=a689c1c1-37ee-4add-9789-597c6a6b12bb"
        />
      </a>
      <a
        href="#"
      >
        <img
          alt="inst"
          src="https://firebasestorage.googleapis.com/v0/b/finalproject-d5d17.appspot.com/o/fonts%2Finstagram-social-network-logo-of-photo-camera.png?alt=media&token=920e206c-c6da-4e39-8e30-5ea4126ae0d5"
        />
      </a>
      <a
        href="#"
      >
        <img
          alt="tel"
          src="https://firebasestorage.googleapis.com/v0/b/finalproject-d5d17.appspot.com/o/fonts%2Ftelegram.png?alt=media&token=dd5a9b05-85ba-435e-a9da-73254e551450"
        />
      </a>
    </div>
  </footer>
</div>
`;

exports[`работа Main 2`] = `
<div
  className="MainComponent"
>
  <div
    className="Computer"
  >
    <div
      className="Head"
    >
      <div
        className="sideRight"
      >
        <a
          aria-current={null}
          className="PageLink"
          href="/account"
          onClick={[Function]}
          style={undefined}
        >
          <img
            className="Icons"
            src="https://firebasestorage.googleapis.com/v0/b/finalproject-d5d17.appspot.com/o/fonts%2Fuser-shape.png?alt=media&token=8f6275a5-6fda-46bc-b881-5602ac16e9e5"
          />
        </a>
        <a
          aria-current={null}
          className="PageLink"
          href="/order"
          onClick={[Function]}
          style={undefined}
        >
          <img
            className="Icons"
            src="https://firebasestorage.googleapis.com/v0/b/finalproject-d5d17.appspot.com/o/fonts%2Fshopping-cart-black-shape%20(3).png?alt=media&token=a7812a2b-bfc0-40fd-ac35-319abbf0d3ab"
          />
          <span
            className={null}
          />
        </a>
      </div>
      <a
        aria-current={null}
        className="PageLink"
        href="/"
        onClick={[Function]}
        style={undefined}
      >
        <div
          className="Namecent"
        >
          <h2
            className="name"
          >
            <span
              className="l"
            >
              Eau de
            </span>
            <span
              className="r"
            >
              Parfume
            </span>
          </h2>
        </div>
      </a>
    </div>
    <nav>
      <ul
        className="MainMenu"
      >
        <li>
          <a
            aria-current={null}
            className="PageLink"
            href="/"
            onClick={[Function]}
            style={undefined}
          >
            <span
              className="roll"
            >
              <span
                className="seen"
              >
                Главная
              </span>
              <span
                className="hover"
              >
                Главная
              </span>
            </span>
          </a>
        </li>
        <li>
          <a
            aaa="bbb"
            aria-current={null}
            className="PageLink"
            href="/catalog/5/1"
            onClick={[Function]}
            style={undefined}
          >
            <span
              className="roll"
            >
              <span
                className="seen"
              >
                Каталог
              </span>
              <span
                className="hover"
              >
                Каталог
              </span>
            </span>
          </a>
        </li>
        <li>
          <a
            aria-current={null}
            className="PageLink"
            href="/brands"
            onClick={[Function]}
            style={undefined}
          >
            <span
              className="roll"
            >
              <span
                className="seen"
              >
                Бренды
              </span>
              <span
                className="hover"
              >
                Бренды
              </span>
            </span>
          </a>
        </li>
        <li>
          <a
            aria-current={null}
            className="PageLink"
            href="/news"
            onClick={[Function]}
            style={undefined}
          >
            <span
              className="roll"
            >
              <span
                className="seen"
              >
                Новости
              </span>
              <span
                className="hover"
              >
                Новости
              </span>
            </span>
          </a>
        </li>
        <li>
          <a
            aria-current={null}
            className="PageLink"
            href="/about"
            onClick={[Function]}
            style={undefined}
          >
            <span
              className="roll"
            >
              <span
                className="seen"
              >
                О нас
              </span>
              <span
                className="hover"
              >
                О нас
              </span>
            </span>
          </a>
        </li>
      </ul>
    </nav>
  </div>
  <div
    className="Adaptive"
  >
    <nav>
      <a
        aria-current={null}
        className="PageLink"
        href="/order"
        onClick={[Function]}
        style={undefined}
      >
        <img
          className="IconsBurg"
          src="https://firebasestorage.googleapis.com/v0/b/finalproject-d5d17.appspot.com/o/fonts%2Fshopping-cart-black-shape%20(4).png?alt=media&token=139ed906-d1e3-4dda-978a-a8dd41705941"
        />
        <span
          className={null}
        />
      </a>
      <div
        className="burg"
        onClick={[Function]}
      >
        <img
          src="https://firebasestorage.googleapis.com/v0/b/finalproject-d5d17.appspot.com/o/fonts%2Fmenu.png?alt=media&token=0674a144-2ccb-4128-9b00-fcf31006657c"
        />
      </div>
      <ul
        className="AdaptMenu close"
      >
        <li>
          <a
            aria-current={null}
            className="PageLink"
            href="/"
            onClick={[Function]}
            style={undefined}
          >
            Главная
          </a>
        </li>
        <li>
          <a
            aria-current={null}
            className="PageLink"
            href="/catalog/10/1"
            onClick={[Function]}
            style={undefined}
          >
            Каталог
          </a>
        </li>
        <li>
          <a
            aria-current={null}
            className="PageLink"
            href="/brands"
            onClick={[Function]}
            style={undefined}
          >
            Бренды
          </a>
        </li>
        <li>
          <a
            aria-current={null}
            className="PageLink"
            href="/news"
            onClick={[Function]}
            style={undefined}
          >
            Новости
          </a>
        </li>
        <li>
          <a
            aria-current={null}
            className="PageLink"
            href="/about"
            onClick={[Function]}
            style={undefined}
          >
            О нас
          </a>
        </li>
        <li>
          <a
            aria-current={null}
            className="PageLink"
            href="/account"
            onClick={[Function]}
            style={undefined}
          >
            Личный кабинет
          </a>
        </li>
      </ul>
    </nav>
  </div>
  <div
    className="Search"
  >
    <a
      aria-current={null}
      className="PageLink"
      href="/catalog/10/1/s"
      onClick={[Function]}
      style={undefined}
    >
      <img
        className="SearchIcon"
        onClick={[Function]}
        src="https://firebasestorage.googleapis.com/v0/b/finalproject-d5d17.appspot.com/o/fonts%2Fmagnifying-glass.png?alt=media&token=a847c8db-325c-48b9-b4c2-f0b1d348ff0a"
      />
    </a>
    <input
      onChange={[Function]}
      placeholder="Поиск"
      type="text"
    />
  </div>
  <div
    className="PagesRouter"
  />
  <footer>
    <div
      className="ComputerFooter"
    >
      <div
        className="logoFooter"
      >
        <a
          aria-current={null}
          className="PageLink"
          href="/"
          onClick={[Function]}
          style={undefined}
        >
          <img
            alt="#"
            src="https://firebasestorage.googleapis.com/v0/b/finalproject-d5d17.appspot.com/o/footer.png?alt=media&token=461bc5ae-c096-4ac1-83c7-7a962079c41e"
          />
        </a>
      </div>
      <ul
        className="FooterMenu"
      >
        <li>
          <a
            aria-current={null}
            className="PageLink"
            href="/"
            onClick={[Function]}
            style={undefined}
          >
            Главная
          </a>
        </li>
        <li>
          <a
            aria-current={null}
            className="PageLink"
            href="/catalog/10/1"
            onClick={[Function]}
            style={undefined}
          >
            Каталог
          </a>
        </li>
        <li>
          <a
            aria-current={null}
            className="PageLink"
            href="/brands"
            onClick={[Function]}
            style={undefined}
          >
            Бренды
          </a>
        </li>
        <li>
          <a
            aria-current={null}
            className="PageLink"
            href="/news"
            onClick={[Function]}
            style={undefined}
          >
            Новости
          </a>
        </li>
        <li>
          <a
            aria-current={null}
            className="PageLink"
            href="/about"
            onClick={[Function]}
            style={undefined}
          >
            О нас
          </a>
        </li>
      </ul>
      <div
        className="thirdColomn"
      >
        <p>
          СЛЕДИТЕ ЗА НАМИ
        </p>
        <a
          href="#"
        >
          <img
            alt="vk"
            src="https://firebasestorage.googleapis.com/v0/b/finalproject-d5d17.appspot.com/o/fonts%2Fvk-social-network-logo.png?alt=media&token=a689c1c1-37ee-4add-9789-597c6a6b12bb"
          />
        </a>
        <a
          href="#"
        >
          <img
            alt="inst"
            src="https://firebasestorage.googleapis.com/v0/b/finalproject-d5d17.appspot.com/o/fonts%2Finstagram-social-network-logo-of-photo-camera.png?alt=media&token=920e206c-c6da-4e39-8e30-5ea4126ae0d5"
          />
        </a>
        <a
          href="#"
        >
          <img
            alt="tel"
            src="https://firebasestorage.googleapis.com/v0/b/finalproject-d5d17.appspot.com/o/fonts%2Ftelegram.png?alt=media&token=dd5a9b05-85ba-435e-a9da-73254e551450"
          />
        </a>
      </div>
    </div>
    <div
      className="AdaptiveFooter"
    >
      <span>
        СЛЕДИТЕ ЗА НАМИ
      </span>
      <a
        href="#"
      >
        <img
          alt="vk"
          src="https://firebasestorage.googleapis.com/v0/b/finalproject-d5d17.appspot.com/o/fonts%2Fvk-social-network-logo.png?alt=media&token=a689c1c1-37ee-4add-9789-597c6a6b12bb"
        />
      </a>
      <a
        href="#"
      >
        <img
          alt="inst"
          src="https://firebasestorage.googleapis.com/v0/b/finalproject-d5d17.appspot.com/o/fonts%2Finstagram-social-network-logo-of-photo-camera.png?alt=media&token=920e206c-c6da-4e39-8e30-5ea4126ae0d5"
        />
      </a>
      <a
        href="#"
      >
        <img
          alt="tel"
          src="https://firebasestorage.googleapis.com/v0/b/finalproject-d5d17.appspot.com/o/fonts%2Ftelegram.png?alt=media&token=dd5a9b05-85ba-435e-a9da-73254e551450"
        />
      </a>
    </div>
  </footer>
</div>
`;
